Generated: reports/dixie-fixed-date-report.md
Generated: reports/eastern-capitals-fixed-date-april-report.md
Generated: reports/eastern-capitals-fixed-date-february-report.md
Generated: reports/eastern-capitals-fixed-date-march-report.md
Generated: reports/eastern-capitals-optimize-date-report.md
Generated: reports/gone2look4america-report.md
Generated: reports/heartland-fixed-date-report.md
Generated: reports/western-capitals-optimize-date-report.md
Generated JSON: reports/dixie-fixed-date-report.json
Generated JSON: reports/eastern-capitals-fixed-date-april-report.json
Generated JSON: reports/eastern-capitals-fixed-date-february-report.json
Generated JSON: reports/eastern-capitals-fixed-date-march-report.json
Generated JSON: reports/eastern-capitals-optimize-date-report.json
Generated JSON: reports/gone2look4america-report.json
Generated JSON: reports/heartland-fixed-date-report.json
Generated JSON: reports/western-capitals-optimize-date-report.json
Generated TXT: reports/dixie-fixed-date-report.txt
Generated TXT: reports/eastern-capitals-fixed-date-april-report.txt
Generated TXT: reports/eastern-capitals-fixed-date-february-report.txt
Generated TXT: reports/eastern-capitals-fixed-date-march-report.txt
Generated TXT: reports/eastern-capitals-optimize-date-report.txt
Generated TXT: reports/gone2look4america-report.txt
Generated TXT: reports/heartland-fixed-date-report.txt
Generated TXT: reports/western-capitals-optimize-date-report.txt
